pip_system_certs: ERROR: could not inject truststore: [ASN1: NOT_ENOUGH_DATA] not enough data (_ssl.c:4030)
train rows 645  validation rows 70  test rows 185
Instantiating a decoder SeamlessM4Tv2Attention without passing `layer_idx` is not recommended and will lead to errors during the forward call, if caching is used. Please make sure to provide a `layer_idx` when creating this class.
Loading checkpoint shards:   0%|          | 0/2 [00:00<?, ?it/s]Loading checkpoint shards:  50%|█████     | 1/2 [00:03<00:03,  3.58s/it]Loading checkpoint shards: 100%|██████████| 2/2 [00:06<00:00,  3.15s/it]Loading checkpoint shards: 100%|██████████| 2/2 [00:06<00:00,  3.22s/it]
seq2seq trainable params 607.1M
seq2seq epoch 1  train loss 1.2305
seq2seq epoch 2  train loss 0.5679
seq2seq epoch 3  train loss 0.4369
seq2seq epoch 4  train loss 0.4249
seq2seq epoch 5  train loss 0.3563
seq2seq epoch 6  train loss 0.3761
seq2seq beam top-1  validation WER 0.1189  CER 0.0348
Some weights of Wav2Vec2ForCTC were not initialized from the model checkpoint at facebook/mms-1b-all and are newly initialized because the shapes did not match:
- lm_head.bias: found shape torch.Size([154]) in the checkpoint and torch.Size([95]) in the model instantiated
- lm_head.weight: found shape torch.Size([154, 1280]) in the checkpoint and torch.Size([95, 1280]) in the model instantiated
You should probably TRAIN this model on a down-stream task to be able to use it for predictions and inference.
ctc trainable params 159.7M
C:\Users\srika\anaconda3\envs\max\lib\site-packages\torch\utils\checkpoint.py:87: UserWarning: None of the inputs have requires_grad=True. Gradients will be None
  warnings.warn(
ctc epoch 1  train loss 0.7085
ctc epoch 2  train loss 0.5719
ctc epoch 3  train loss 0.5388
ctc epoch 4  train loss 0.5406
ctc epoch 5  train loss 0.5127
ctc epoch 6  train loss 0.5000
ctc epoch 7  train loss 0.5160
ctc epoch 8  train loss 0.4986
fusion weight 0.00  validation WER 0.1265  CER 0.0374
fusion weight 0.10  validation WER 0.1113  CER 0.0308
fusion weight 0.20  validation WER 0.1128  CER 0.0305
fusion weight 0.30  validation WER 0.1098  CER 0.0302
fusion weight 0.40  validation WER 0.1082  CER 0.0298
fusion weight 0.50  validation WER 0.1128  CER 0.0308
selected fusion weight 0.40
wrote 185 rows, empty predictions 0
exit 0 elapsed 1673s
